[2026-07-28 15:37:00.565] [Cortex] [info] ========================================
[2026-07-28 15:37:00.565] [Cortex] [info] Cortex Code Intelligence Platform
[2026-07-28 15:37:00.565] [Cortex] [info] Production Foundation Starting
[2026-07-28 15:37:00.565] [Cortex] [info] ========================================
[2026-07-28 15:37:00.565] [Cortex] [info] Configuration loaded from: config/config.json
[2026-07-28 15:37:00.565] [Cortex] [info] Server configuration: host=127.0.0.1, port=8080, threads=4
[2026-07-28 15:37:00.565] [Cortex] [info] Building dependency graph...
[2026-07-28 15:37:00.565] [Cortex] [info] Dependency graph built successfully
[2026-07-28 15:37:00.565] [Cortex] [info] Total services registered: (extension point)
[2026-07-28 15:37:00.565] [Cortex] [info] ========================================
[2026-07-28 15:37:00.565] [Cortex] [info] Cortex Code Intelligence Platform
[2026-07-28 15:37:00.565] [Cortex] [info] Production Foundation
[2026-07-28 15:37:00.565] [Cortex] [info] ========================================
[2026-07-28 15:37:00.565] [Cortex] [info] Loading configuration...
[2026-07-28 15:37:00.565] [Cortex] [info] Drogon configured: host=127.0.0.1, port=8080, threads=4
[2026-07-28 15:37:00.565] [Cortex] [info] Starting HTTP server...
[2026-07-28 15:37:37.243] [Cortex] [info] ========================================
[2026-07-28 15:37:37.243] [Cortex] [info] Server shutting down gracefully...
[2026-07-28 15:37:37.243] [Cortex] [info] ========================================
[2026-07-28 15:37:37.243] [Cortex] [info] Application terminated successfully
